[1m[33mComponent HMR has been enabled.
If you encounter application reload issues, you can manually reload the page to bypass HMR and/or disable this feature with the `--no-hmr` command line option.
Please consider reporting any issues you encounter here: https://github.com/angular/angular-cli/issues
[39m[22m
[33m❯[39m Building...
[32m✔[39m Building...
[1mInitial chunk files[22m[2m | [22m[1mNames[22m                   [2m | [22m [1mRaw size[22m
[32mpolyfills.js[39m       [2m | [22m[2mpolyfills[22m               [2m | [22m [36m90.20 kB[39m[2m | [22m
[32mmain.js[39m            [2m | [22m[2mmain[22m                    [2m | [22m [36m51.85 kB[39m[2m | [22m
[32mstyles.css[39m         [2m | [22m[2mstyles[22m                  [2m | [22m [36m21.87 kB[39m[2m | [22m
[32mchunk-MG43V5PI.js[39m  [2m | [22m[2m-[22m                       [2m | [22m  [36m3.35 kB[39m[2m | [22m
[32mchunk-BDFMUQH6.js[39m  [2m | [22m[2m-[22m                       [2m | [22m  [36m1.42 kB[39m[2m | [22m
[32mchunk-CD7BGDQT.js[39m  [2m | [22m[2m-[22m                       [2m | [22m  [36m1.15 kB[39m[2m | [22m

[1m [22m                  [2m | [22m[1mInitial total[22m           [2m | [22m[1m169.84 kB[22m

[1mLazy chunk files[22m   [2m | [22m[1mNames[22m                   [2m | [22m [1mRaw size[22m
[32mchunk-JSJDJY2N.js[39m  [2m | [22m[2minicio-component[22m        [2m | [22m [36m52.29 kB[39m[2m | [22m
[32mchunk-6YIKWP2M.js[39m  [2m | [22m[2mcontacto-component[22m      [2m | [22m [36m35.49 kB[39m[2m | [22m
[32mchunk-BCVHQWGH.js[39m  [2m | [22m[2mmateriales-component[22m    [2m | [22m [36m30.47 kB[39m[2m | [22m
[32mchunk-EHTWNHLF.js[39m  [2m | [22m[2mpatrocinadores-component[22m[2m | [22m [36m24.72 kB[39m[2m | [22m
[32mchunk-6FOQLUAU.js[39m  [2m | [22m[2mimagenes-component[22m      [2m | [22m [36m24.64 kB[39m[2m | [22m
[32mchunk-FORT53JV.js[39m  [2m | [22m[2mvideos-component[22m        [2m | [22m [36m24.15 kB[39m[2m | [22m
[32mchunk-H2PTE54Q.js[39m  [2m | [22m[2mproducto-component[22m      [2m | [22m [36m23.99 kB[39m[2m | [22m
[32mchunk-D4FEDNOB.js[39m  [2m | [22m[2mnosotros-component[22m      [2m | [22m [36m22.78 kB[39m[2m | [22m
[32mchunk-VKJ44HNO.js[39m  [2m | [22m[2msecciones-component[22m     [2m | [22m [36m19.66 kB[39m[2m | [22m
[32mchunk-PMX7ZHVO.js[39m  [2m | [22m[2musuarios-component[22m      [2m | [22m [36m18.86 kB[39m[2m | [22m
[32mchunk-HEON56D6.js[39m  [2m | [22m[2mcitas-component[22m         [2m | [22m [36m15.47 kB[39m[2m | [22m
[32mchunk-5TM7T7OA.js[39m  [2m | [22m[2mlogin-component[22m         [2m | [22m [36m14.38 kB[39m[2m | [22m
[32mchunk-ESRLTFEA.js[39m  [2m | [22m[2mdashboard-component[22m     [2m | [22m [36m10.09 kB[39m[2m | [22m
[32mchunk-ITDPJFZ3.js[39m  [2m | [22m[2m-[22m                       [2m | [22m  [36m9.85 kB[39m[2m | [22m
[32mchunk-QMZZLVNH.js[39m  [2m | [22m[2m-[22m                       [2m | [22m  [36m1.66 kB[39m[2m | [22m
[2m...and 3 more lazy chunks files. Use "--verbose" to show all the files.[22m

Application bundle generation complete. [2.333 seconds]

[1m[33m[33m▲ [43;33m[[43;30mWARNING[43;33m][0m [1mNG8107: The left side of this optional chain operation does not include 'null' or 'undefined' in its type, therefore the '?.' operator can be replaced with the '.' operator.[0m [1m[35m[plugin angular-compiler][0m

    src/app/features/admin/usuarios/usuarios.component.html:52:22:
[37m      52 │         <td>{{ u.rol?.[32mnombre[37m }}</td>
         ╵                       [32m~~~~~~[0m

  Error occurs in the template of component UsuariosComponent.

    src/app/features/admin/usuarios/usuarios.component.ts:12:15:
[37m      12 │   templateUrl: [32m'./usuarios.component.html'[37m,
         ╵                [32m~~~~~~~~~~~~~~~~~~~~~~~~~~~[0m

[39m[22m
Watch mode enabled. Watching for file changes...
NOTE: Raw file sizes do not reflect development server per-request transformations.
  [32m➜[39m  [1mLocal[22m:   [36mhttp://localhost:[1m4200[22m/[39m
